[#Pair $left=[# 'A'] $right=[#Pair $left=[# 'B'] $right=[# 'C']]]
