[#Pair $left=[# 'A'] $right=[#Pair $left=[# 'B'] $right=[#Pair $left=[# 'C'] $right=[#Pair $left=[# 'D'] $right=[#Pair $left=[# 'E'] $right=[#Pair $left=[# 'F'] $right=[# 'G']]]]]]]
