[#Root [#G [# 'G']] [#G [# 'G']] [#G [# 'U']] [#A [# 'U']] [#A [# 'G']] [#C [# 'U']] [#CG [#A [# 'G']]] [#G [# 'G']] [#UA [#A [# 'G']]] [#G [# 'C']] [#AU [#U [# 'U']]] [#G [# 'A']] [#CG [#UA [#G [# 'C']]]] [#A [# 'U']] [#CG [#A [# 'A']]] [#AU [#GC [#GC [#U [# 'C']]]]] [#G [# 'G']] [#UA [#UA [#C [# 'A']]]] [#UA [#C [# 'C']]] [#GC [#GC [#U [# 'G']]]] [#CG [#CG [#CG [#U [# 'G']]]]] [#G [# 'U']] [#A [# 'U']] [#A [# 'G']] [#C [# 'U']] [#CG [#A [# 'G']]] [#G [# 'G']] [#UA [#A [# 'G']]] [#G [# 'C']] [#AU [#U [# 'U']]] [#G [# 'A']] [#CG [#UA [#G [# 'C']]]] [#A [# 'U']] [#CG [#A [# 'A']]] [#AU [#GC [#GC [#U [# 'C']]]]] [#G [# 'G']] [#UA [#UA [#C [# 'A']]]] [#UA [#C [# 'C']]] [#GC [#GC [#U [# 'G']]]] [#CG [#CG [#CG [#U [# 'G']]]]] [#G [# 'U']] [#A [# 'U']] [#A [# 'G']] [#C [# 'U']] [#CG [#A [# 'G']]] [#G [# 'G']] [#UA [#A [# 'G']]] [#G [# 'C']] [#AU [#U [# 'U']]] [#G [# 'A']] [#CG [#UA [#G [# 'C']]]] [#A [# 'U']] [#CG [#A [# 'A']]] [#AU [#GC [#GC [#U [# 'C']]]]] [#G [# 'G']] [#UA [#UA [#C [# 'A']]]] [#UA [#C [# 'C']]] [#GC [#GC [#U [# 'G']]]] [#CG [#CG [#CG [#U [# 'G']]]]] [#G [# 'U']] [#A [# 'U']] [#A [# 'G']] [#C [# 'U']] [#CG [#A [# 'G']]] [#G [# 'G']] [#UA [#A [# 'G']]] [#G [# 'C']] [#AU [#U [# 'U']]] [#G [# 'A']] [#CG [#UA [#G [# 'C']]]] [#A [# 'U']] [#CG [#A [# 'A']]] [#AU [#GC [#GC [#U [# 'C']]]]] [#G [# 'G']] [#UA [#UA [#C [# 'A']]]] [#UA [#C [# 'C']]] [#GC [#GC [#U [# 'G']]]] [#CG [#CG [#CG [#U [# 'G']]]]] [#G [# 'U']] [#A [# 'U']] [#A [# 'G']] [#C [# 'U']] [#CG [#A [# 'G']]] [#G [# 'G']] [#UA [#A [# 'G']]] [#G [# 'C']] [#AU [#U [# 'U']]] [#G [# 'A']] [#CG [#UA [#G [# 'C']]]] [#A [# 'U']] [#CG [#A [# 'A']]] [#AU [#GC [#GC [#U [# 'C']]]]] [#G [# 'G']] [#UA [#UA [#C [# 'A']]]] [#UA [#C [# 'C']]] [#GC [#GC [#U [# 'G']]]] [#CG [#CG [#CG [#U [# 'G']]]]] [#G [# 'U']] [#A [# 'U']] [#A [# 'G']] [#C [# 'U']] [#CG [#A [# 'G']]] [#G [# 'G']] [#UA [#A [# 'G']]] [#G [# 'C']] [#AU [#U [# 'U']]] [#G [# 'A']] [#CG [#UA [#G [# 'C']]]] [#A [# 'U']] [#CG [#A [# 'A']]] [#AU [#GC [#GC [#U [# 'C']]]]] [#G [# 'G']] [#UA [#UA [#C [# 'A']]]] [#UA [#C [# 'C']]] [#GC [#GC [#U [# 'G']]]] [#CG [#CG [#CG [#U [# 'G']]]]] [#G [# 'U']] [#A [# 'U']] [#A [# 'G']] [#C [# 'U']] [#CG [#A [# 'G']]] [#G [# 'G']] [#UA [#A [# 'G']]] [#G [# 'C']] [#AU [#U [# 'U']]] [#G [# 'A']] [#CG [#UA [#G [# 'C']]]] [#A [# 'U']] [#CG [#A [# 'A']]] [#AU [#GC [#GC [#U [# 'C']]]]] [#G [# 'G']] [#UA [#UA [#C [# 'A']]]] [#UA [#C [# 'C']]] [#GC [#GC [#U [# 'G']]]] [#CG [#CG [#CG [#U [# 'G']]]]] [#G [# 'U']] [#A [# 'U']] [#A [# 'G']] [#C [# 'U']] [#CG [#A [# 'G']]] [#G [# 'G']] [#UA [#A [# 'G']]] [#G [# 'C']] [#AU [#U [# 'U']]] [#G [# 'A']] [#CG [#UA [#G [# 'C']]]] [#A [# 'U']] [#CG [#A [# 'A']]] [#AU [#GC [#GC [#U [# 'C']]]]] [#G [# 'G']] [#UA [#UA [#C [# 'A']]]] [#UA [#C [# 'C']]] [#GC [#GC [#U [# 'G']]]] [#CG [#CG [#CG [#U [# 'G']]]]] [#G [# 'U']] [#A [# 'U']] [#A [# 'G']] [#C [# 'U']] [#CG [#A [# 'G']]] [#G [# 'G']] [#UA [#A [# 'G']]] [#G [# 'C']] [#AU [#U [# 'U']]] [#G [# 'A']] [#CG [#UA [#G [# 'C']]]] [#A [# 'U']] [#CG [#A [# 'A']]] [#AU [#GC [#GC [#U [# 'C']]]]] [#G [# 'G']] [#UA [#UA [#C [# 'A']]]] [#UA [#C [# 'C']]] [#GC [#GC [#U [# 'G']]]] [#CG [#CG [#CG [#U [# 'G']]]]] [#G [# 'U']] [#A [# 'U']] [#A [# 'G']] [#C [# 'U']] [#CG [#A [# 'G']]] [#G [# 'G']] [#UA [#A [# 'G']]] [#G [# 'C']] [#AU [#U [# 'U']]] [#G [# 'A']] [#CG [#UA [#G [# 'C']]]] [#A [# 'U']] [#CG [#A [# 'A']]] [#AU [#GC [#GC [#U [# 'C']]]]] [#G [# 'G']] [#UA [#UA [#C [# 'A']]]] [#UA [#C [# 'C']]] [#GC [#GC [#U [# 'G']]]] [#CG [#CG [#CG [#U [# 'G']]]]] [#G [# 'U']] [#A [# 'U']] [#A [# 'G']] [#C [# 'U']] [#CG [#A [# 'G']]] [#G [# 'G']] [#UA [#A [# 'G']]] [#G [# 'C']] [#AU [#U [# 'U']]] [#G [# 'A']] [#CG [#UA [#G [# 'C']]]] [#A [# 'U']] [#CG [#A [# 'A']]] [#AU [#GC [#GC [#U [# 'C']]]]] [#G [# 'G']] [#UA [#UA [#C [# 'A']]]] [#UA [#C [# 'C']]] [#GC [#GC [#U [# 'G']]]] [#CG [#CG [#CG [#U [# 'G']]]]] [#G [# 'U']] [#A [# 'U']] [#A [# 'G']] [#C [# 'U']] [#CG [#A [# 'G']]] [#G [# 'G']] [#UA [#A [# 'G']]] [#G [# 'C']] [#AU [#U [# 'U']]] [#G [# 'A']] [#CG [#UA [#G [# 'C']]]] [#A [# 'U']] [#CG [#A [# 'A']]] [#AU [#GC [#GC [#U [# 'C']]]]] [#G [# 'G']] [#UA [#UA [#C [# 'A']]]] [#UA [#C [# 'C']]] [#GC [#GC [#U [# 'G']]]] [#CG [#CG [#CG [#U [# 'G']]]]] [#G [# 'U']] [#A [# 'U']] [#A [# 'G']] [#C [# 'U']] [#CG [#A [# 'G']]] [#G [# 'G']] [#UA [#A [# 'G']]] [#G [# 'C']] [#AU [#U [# 'U']]] [#G [# 'A']] [#CG [#UA [#G [# 'C']]]] [#A [# 'U']] [#CG [#A [# 'A']]] [#AU [#GC [#GC [#U [# 'C']]]]] [#G [# 'G']] [#UA [#UA [#C [# 'A']]]] [#UA [#C [# 'C']]] [#GC [#GC [#U [# 'G']]]] [#CG [#CG [#CG [#U [# 'G']]]]] [#G [# 'U']] [#A [# 'U']] [#A [# 'G']] [#C [# 'U']] [#CG [#A [# 'G']]] [#G [# 'G']] [#UA [#A [# 'G']]] [#G [# 'C']] [#AU [#U [# 'U']]] [#G [# 'A']] [#CG [#UA [#G [# 'C']]]] [#A [# 'U']] [#CG [#A [# 'A']]] [#AU [#GC [#GC [#U [# 'C']]]]] [#G [# 'G']] [#UA [#UA [#C [# 'A']]]] [#UA [#C [# 'C']]] [#GC [#GC [#U [# 'G']]]] [#CG [#CG [#CG [#U [# 'G']]]]] [#G [# 'U']] [#A [# 'U']] [#A [# 'G']] [#C [# 'U']] [#CG [#A [# 'G']]] [#G [# 'G']] [#UA [#A [# 'G']]] [#G [# 'C']] [#AU [#U [# 'U']]] [#G [# 'A']] [#CG [#UA [#G [# 'C']]]] [#A [# 'U']] [#CG [#A [# 'A']]] [#AU [#GC [#GC [#U [# 'C']]]]] [#G [# 'G']] [#UA [#UA [#C [# 'A']]]] [#UA [#C [# 'C']]] [#GC [#GC [#U [# 'G']]]] [#CG [#CG [#CG [#U [# 'G']]]]] [#G [# 'U']] [#A [# 'U']] [#A [# 'G']] [#C [# 'U']] [#CG [#A [# 'G']]] [#G [# 'G']] [#UA [#A [# 'G']]] [#G [# 'C']] [#AU [#U [# 'U']]] [#G [# 'A']] [#CG [#UA [#G [# 'C']]]] [#A [# 'U']] [#CG [#A [# 'A']]] [#AU [#GC [#GC [#U [# 'C']]]]] [#G [# 'G']] [#UA [#UA [#C [# 'A']]]] [#UA [#C [# 'C']]] [#GC [#GC [#U [# 'G']]]] [#CG [#CG [#CG [#U [# 'G']]]]] [#G [# 'U']] [#A [# 'U']] [#A [# 'G']] [#C [# 'U']] [#CG [#A [# 'G']]] [#G [# 'G']] [#UA [#A [# 'G']]] [#G [# 'C']] [#AU [#U [# 'U']]] [#G [# 'A']] [#CG [#UA [#G [# 'C']]]] [#A [# 'U']] [#CG [#A [# 'A']]] [#AU [#GC [#GC [#U [# 'C']]]]] [#G [# 'G']] [#UA [#UA [#C [# 'A']]]] [#UA [#C [# 'C']]] [#GC [#GC [#U [# 'G']]]] [#CG [#CG [#CG [#U [# 'G']]]]] [#G [# 'U']] [#A [# 'U']] [#A [# 'G']] [#C [# 'U']] [#CG [#A [# 'G']]] [#G [# 'G']] [#UA [#A [# 'G']]] [#G [# 'C']] [#AU [#U [# 'U']]] [#G [# 'A']] [#CG [#UA [#G [# 'C']]]] [#A [# 'U']] [#CG [#A [# 'A']]] [#AU [#GC [#GC [#U [# 'C']]]]] [#G [# 'G']] [#UA [#UA [#C [# 'A']]]] [#UA [#C [# 'C']]] [#GC [#GC [#U [# 'G']]]] [#CG [#CG [#CG [#U [# 'G']]]]] [#G [# 'U']] [#A [# 'U']] [#A [# 'G']] [#C [# 'U']] [#CG [#A [# 'G']]] [#G [# 'G']] [#UA [#A [# 'G']]] [#G [# 'C']] [#AU [#U [# 'U']]] [#G [# 'A']] [#CG [#UA [#G [# 'C']]]] [#A [# 'U']] [#CG [#A [# 'A']]] [#AU [#GC [#GC [#U [# 'C']]]]] [#G [# 'G']] [#UA [#UA [#C [# 'A']]]] [#UA [#C [# 'C']]] [#GC [#GC [#U [# 'G']]]] [#CG [#CG [#CG [#U [# 'G']]]]] [#G [# 'U']] [#A [# 'U']] [#A [# 'G']] [#C [# 'U']] [#CG [#A [# 'G']]] [#G [# 'G']] [#UA [#A [# 'G']]] [#G [# 'C']] [#AU [#U [# 'U']]] [#G [# 'A']] [#CG [#UA [#G [# 'C']]]] [#A [# 'U']] [#CG [#A [# 'A']]] [#AU [#GC [#GC [#U [# 'C']]]]] [#G [# 'G']] [#UA [#UA [#C [# 'A']]]] [#UA [#C [# 'C']]] [#GC [#GC [#U [# 'G']]]] [#CG [#CG [#CG [#U [# 'G']]]]] [#G [# 'U']] [#A [# 'U']] [#A [# 'G']] [#C [# 'U']] [#CG [#A [# 'G']]] [#G [# 'G']] [#UA [#A [# 'G']]] [#G [# 'C']] [#AU [#U [# 'U']]] [#G [# 'A']] [#CG [#UA [#G [# 'C']]]] [#A [# 'U']] [#CG [#A [# 'A']]] [#AU [#GC [#GC [#U [# 'C']]]]] [#G [# 'G']] [#UA [#UA [#C [# 'A']]]] [#UA [#C [# 'C']]] [#GC [#GC [#U [# 'G']]]] [#C [# 'C']] [#C [# 'U']]]
