[#Add $left=[#Int '1'] $right=[#Mul $left=[#Int '2'] $right=[#Int '3']]]
