[#Div $left=[#Mul $left=[#Add $left=[#Int '1'] $right=[#Int '2']] $right=[#Int '3']] $right=[#Int '4']]
