[#Pair $left=[#Pair $left=[# 'A'] $right=[# 'B']] $right=[# 'C']]
