[#Pair $left=[#Pair $left=[#Pair $left=[#Pair $left=[#Pair $left=[#Pair $left=[# 'A'] $right=[# 'B']] $right=[# 'C']] $right=[# 'D']] $right=[# 'E']] $right=[# 'F']] $right=[# 'G']]
